ERROR - 2025-05-15 22:47:44 --> Error connecting to the database: mysqli_sql_exception: Access denied for user 'ukel2b1'@'localhost' (using password: YES) in D:\apps\laragon\www\framework-4.6.1\system\Database\MySQLi\Connection.php:201
Stack trace:
#0 D:\apps\laragon\www\framework-4.6.1\system\Database\MySQLi\Connection.php(201): mysqli->real_connect('localhost', 'ukel2b1', Object(SensitiveParameterValue), 'dbukel2b1', 3306, '', 0)
#1 D:\apps\laragon\www\framework-4.6.1\system\Database\BaseConnection.php(421): CodeIgniter\Database\MySQLi\Connection->connect(false)
#2 D:\apps\laragon\www\framework-4.6.1\system\Database\BaseConnection.php(620): CodeIgniter\Database\BaseConnection->initialize()
#3 D:\apps\laragon\www\framework-4.6.1\system\Database\BaseConnection.php(1525): CodeIgniter\Database\BaseConnection->query('SHOW TABLES FRO...')
#4 D:\apps\laragon\www\framework-4.6.1\system\Commands\Database\ShowTableInfo.php(121): CodeIgniter\Database\BaseConnection->listTables()
#5 D:\apps\laragon\www\framework-4.6.1\system\CLI\Commands.php(74): CodeIgniter\Commands\Database\ShowTableInfo->run(Array)
#6 D:\apps\laragon\www\framework-4.6.1\system\CLI\Console.php(47): CodeIgniter\CLI\Commands->run('db:table', Array)
#7 D:\apps\laragon\www\framework-4.6.1\system\Boot.php(360): CodeIgniter\CLI\Console->run()
#8 D:\apps\laragon\www\framework-4.6.1\system\Boot.php(104): CodeIgniter\Boot::runCommand(Object(CodeIgniter\CLI\Console))
#9 D:\apps\laragon\www\framework-4.6.1\spark(87): CodeIgniter\Boot::bootSpark(Object(Config\Paths))
#10 {main}

Next CodeIgniter\Database\Exceptions\DatabaseException: Access denied for user '****'@'localhost' (using password: YES) in D:\apps\laragon\www\framework-4.6.1\system\Database\MySQLi\Connection.php:246
Stack trace:
#0 D:\apps\laragon\www\framework-4.6.1\system\Database\BaseConnection.php(421): CodeIgniter\Database\MySQLi\Connection->connect(false)
#1 D:\apps\laragon\www\framework-4.6.1\system\Database\BaseConnection.php(620): CodeIgniter\Database\BaseConnection->initialize()
#2 D:\apps\laragon\www\framework-4.6.1\system\Database\BaseConnection.php(1525): CodeIgniter\Database\BaseConnection->query('SHOW TABLES FRO...')
#3 D:\apps\laragon\www\framework-4.6.1\system\Commands\Database\ShowTableInfo.php(121): CodeIgniter\Database\BaseConnection->listTables()
#4 D:\apps\laragon\www\framework-4.6.1\system\CLI\Commands.php(74): CodeIgniter\Commands\Database\ShowTableInfo->run(Array)
#5 D:\apps\laragon\www\framework-4.6.1\system\CLI\Console.php(47): CodeIgniter\CLI\Commands->run('db:table', Array)
#6 D:\apps\laragon\www\framework-4.6.1\system\Boot.php(360): CodeIgniter\CLI\Console->run()
#7 D:\apps\laragon\www\framework-4.6.1\system\Boot.php(104): CodeIgniter\Boot::runCommand(Object(CodeIgniter\CLI\Console))
#8 D:\apps\laragon\www\framework-4.6.1\spark(87): CodeIgniter\Boot::bootSpark(Object(Config\Paths))
#9 {main}
CRITICAL - 2025-05-15 22:47:44 --> CodeIgniter\Database\Exceptions\DatabaseException: Unable to connect to the database.
Main connection [MySQLi]: Access denied for user '****'@'localhost' (using password: YES)
[Method: CLI, Route: db:table]
in SYSTEMPATH\Database\BaseConnection.php on line 467.
 1 SYSTEMPATH\Database\BaseConnection.php(620): CodeIgniter\Database\BaseConnection->initialize()
 2 SYSTEMPATH\Database\BaseConnection.php(1525): CodeIgniter\Database\BaseConnection->query('SHOW TABLES FROM `dbukel2b1`')
 3 SYSTEMPATH\Commands\Database\ShowTableInfo.php(121): CodeIgniter\Database\BaseConnection->listTables()
 4 SYSTEMPATH\CLI\Commands.php(74): CodeIgniter\Commands\Database\ShowTableInfo->run([])
 5 SYSTEMPATH\CLI\Console.php(47): CodeIgniter\CLI\Commands->run('db:table', [])
 6 SYSTEMPATH\Boot.php(360): CodeIgniter\CLI\Console->run()
 7 SYSTEMPATH\Boot.php(104): CodeIgniter\Boot::runCommand(Object(CodeIgniter\CLI\Console))
 8 ROOTPATH\spark(87): CodeIgniter\Boot::bootSpark(Object(Config\Paths))
ERROR - 2025-05-15 22:58:46 --> Error connecting to the database: mysqli_sql_exception: Access denied for user 'ukel2b1'@'localhost' (using password: YES) in D:\apps\laragon\www\framework-4.6.1\system\Database\MySQLi\Connection.php:201
Stack trace:
#0 D:\apps\laragon\www\framework-4.6.1\system\Database\MySQLi\Connection.php(201): mysqli->real_connect('localhost', 'ukel2b1', Object(SensitiveParameterValue), 'dbukel2b1', 3306, '', 0)
#1 D:\apps\laragon\www\framework-4.6.1\system\Database\BaseConnection.php(421): CodeIgniter\Database\MySQLi\Connection->connect(false)
#2 D:\apps\laragon\www\framework-4.6.1\system\Database\BaseConnection.php(620): CodeIgniter\Database\BaseConnection->initialize()
#3 D:\apps\laragon\www\framework-4.6.1\system\Database\BaseConnection.php(1525): CodeIgniter\Database\BaseConnection->query('SHOW TABLES FRO...')
#4 D:\apps\laragon\www\framework-4.6.1\system\Commands\Database\ShowTableInfo.php(121): CodeIgniter\Database\BaseConnection->listTables()
#5 D:\apps\laragon\www\framework-4.6.1\system\CLI\Commands.php(74): CodeIgniter\Commands\Database\ShowTableInfo->run(Array)
#6 D:\apps\laragon\www\framework-4.6.1\system\CLI\Console.php(47): CodeIgniter\CLI\Commands->run('db:table', Array)
#7 D:\apps\laragon\www\framework-4.6.1\system\Boot.php(360): CodeIgniter\CLI\Console->run()
#8 D:\apps\laragon\www\framework-4.6.1\system\Boot.php(104): CodeIgniter\Boot::runCommand(Object(CodeIgniter\CLI\Console))
#9 D:\apps\laragon\www\framework-4.6.1\spark(87): CodeIgniter\Boot::bootSpark(Object(Config\Paths))
#10 {main}

Next CodeIgniter\Database\Exceptions\DatabaseException: Access denied for user '****'@'localhost' (using password: YES) in D:\apps\laragon\www\framework-4.6.1\system\Database\MySQLi\Connection.php:246
Stack trace:
#0 D:\apps\laragon\www\framework-4.6.1\system\Database\BaseConnection.php(421): CodeIgniter\Database\MySQLi\Connection->connect(false)
#1 D:\apps\laragon\www\framework-4.6.1\system\Database\BaseConnection.php(620): CodeIgniter\Database\BaseConnection->initialize()
#2 D:\apps\laragon\www\framework-4.6.1\system\Database\BaseConnection.php(1525): CodeIgniter\Database\BaseConnection->query('SHOW TABLES FRO...')
#3 D:\apps\laragon\www\framework-4.6.1\system\Commands\Database\ShowTableInfo.php(121): CodeIgniter\Database\BaseConnection->listTables()
#4 D:\apps\laragon\www\framework-4.6.1\system\CLI\Commands.php(74): CodeIgniter\Commands\Database\ShowTableInfo->run(Array)
#5 D:\apps\laragon\www\framework-4.6.1\system\CLI\Console.php(47): CodeIgniter\CLI\Commands->run('db:table', Array)
#6 D:\apps\laragon\www\framework-4.6.1\system\Boot.php(360): CodeIgniter\CLI\Console->run()
#7 D:\apps\laragon\www\framework-4.6.1\system\Boot.php(104): CodeIgniter\Boot::runCommand(Object(CodeIgniter\CLI\Console))
#8 D:\apps\laragon\www\framework-4.6.1\spark(87): CodeIgniter\Boot::bootSpark(Object(Config\Paths))
#9 {main}
CRITICAL - 2025-05-15 22:58:46 --> CodeIgniter\Database\Exceptions\DatabaseException: Unable to connect to the database.
Main connection [MySQLi]: Access denied for user '****'@'localhost' (using password: YES)
[Method: CLI, Route: db:table]
in SYSTEMPATH\Database\BaseConnection.php on line 467.
 1 SYSTEMPATH\Database\BaseConnection.php(620): CodeIgniter\Database\BaseConnection->initialize()
 2 SYSTEMPATH\Database\BaseConnection.php(1525): CodeIgniter\Database\BaseConnection->query('SHOW TABLES FROM `dbukel2b1`')
 3 SYSTEMPATH\Commands\Database\ShowTableInfo.php(121): CodeIgniter\Database\BaseConnection->listTables()
 4 SYSTEMPATH\CLI\Commands.php(74): CodeIgniter\Commands\Database\ShowTableInfo->run([])
 5 SYSTEMPATH\CLI\Console.php(47): CodeIgniter\CLI\Commands->run('db:table', [])
 6 SYSTEMPATH\Boot.php(360): CodeIgniter\CLI\Console->run()
 7 SYSTEMPATH\Boot.php(104): CodeIgniter\Boot::runCommand(Object(CodeIgniter\CLI\Console))
 8 ROOTPATH\spark(87): CodeIgniter\Boot::bootSpark(Object(Config\Paths))
ERROR - 2025-05-15 23:14:08 --> Error connecting to the database: mysqli_sql_exception: Access denied for user 'ukel2b1'@'localhost' (using password: YES) in D:\apps\laragon\www\framework-4.6.1\system\Database\MySQLi\Connection.php:201
Stack trace:
#0 D:\apps\laragon\www\framework-4.6.1\system\Database\MySQLi\Connection.php(201): mysqli->real_connect('127.0.0.1', 'ukel2b1', Object(SensitiveParameterValue), 'dbukel2b1', 3306, '', 0)
#1 D:\apps\laragon\www\framework-4.6.1\system\Database\BaseConnection.php(421): CodeIgniter\Database\MySQLi\Connection->connect(false)
#2 D:\apps\laragon\www\framework-4.6.1\system\Database\BaseConnection.php(620): CodeIgniter\Database\BaseConnection->initialize()
#3 D:\apps\laragon\www\framework-4.6.1\system\Database\BaseConnection.php(1525): CodeIgniter\Database\BaseConnection->query('SHOW TABLES FRO...')
#4 D:\apps\laragon\www\framework-4.6.1\system\Commands\Database\ShowTableInfo.php(121): CodeIgniter\Database\BaseConnection->listTables()
#5 D:\apps\laragon\www\framework-4.6.1\system\CLI\Commands.php(74): CodeIgniter\Commands\Database\ShowTableInfo->run(Array)
#6 D:\apps\laragon\www\framework-4.6.1\system\CLI\Console.php(47): CodeIgniter\CLI\Commands->run('db:table', Array)
#7 D:\apps\laragon\www\framework-4.6.1\system\Boot.php(360): CodeIgniter\CLI\Console->run()
#8 D:\apps\laragon\www\framework-4.6.1\system\Boot.php(104): CodeIgniter\Boot::runCommand(Object(CodeIgniter\CLI\Console))
#9 D:\apps\laragon\www\framework-4.6.1\spark(87): CodeIgniter\Boot::bootSpark(Object(Config\Paths))
#10 {main}

Next CodeIgniter\Database\Exceptions\DatabaseException: Access denied for user '****'@'localhost' (using password: YES) in D:\apps\laragon\www\framework-4.6.1\system\Database\MySQLi\Connection.php:246
Stack trace:
#0 D:\apps\laragon\www\framework-4.6.1\system\Database\BaseConnection.php(421): CodeIgniter\Database\MySQLi\Connection->connect(false)
#1 D:\apps\laragon\www\framework-4.6.1\system\Database\BaseConnection.php(620): CodeIgniter\Database\BaseConnection->initialize()
#2 D:\apps\laragon\www\framework-4.6.1\system\Database\BaseConnection.php(1525): CodeIgniter\Database\BaseConnection->query('SHOW TABLES FRO...')
#3 D:\apps\laragon\www\framework-4.6.1\system\Commands\Database\ShowTableInfo.php(121): CodeIgniter\Database\BaseConnection->listTables()
#4 D:\apps\laragon\www\framework-4.6.1\system\CLI\Commands.php(74): CodeIgniter\Commands\Database\ShowTableInfo->run(Array)
#5 D:\apps\laragon\www\framework-4.6.1\system\CLI\Console.php(47): CodeIgniter\CLI\Commands->run('db:table', Array)
#6 D:\apps\laragon\www\framework-4.6.1\system\Boot.php(360): CodeIgniter\CLI\Console->run()
#7 D:\apps\laragon\www\framework-4.6.1\system\Boot.php(104): CodeIgniter\Boot::runCommand(Object(CodeIgniter\CLI\Console))
#8 D:\apps\laragon\www\framework-4.6.1\spark(87): CodeIgniter\Boot::bootSpark(Object(Config\Paths))
#9 {main}
CRITICAL - 2025-05-15 23:14:08 --> CodeIgniter\Database\Exceptions\DatabaseException: Unable to connect to the database.
Main connection [MySQLi]: Access denied for user '****'@'localhost' (using password: YES)
[Method: CLI, Route: db:table]
in SYSTEMPATH\Database\BaseConnection.php on line 467.
 1 SYSTEMPATH\Database\BaseConnection.php(620): CodeIgniter\Database\BaseConnection->initialize()
 2 SYSTEMPATH\Database\BaseConnection.php(1525): CodeIgniter\Database\BaseConnection->query('SHOW TABLES FROM `dbukel2b1`')
 3 SYSTEMPATH\Commands\Database\ShowTableInfo.php(121): CodeIgniter\Database\BaseConnection->listTables()
 4 SYSTEMPATH\CLI\Commands.php(74): CodeIgniter\Commands\Database\ShowTableInfo->run([])
 5 SYSTEMPATH\CLI\Console.php(47): CodeIgniter\CLI\Commands->run('db:table', [])
 6 SYSTEMPATH\Boot.php(360): CodeIgniter\CLI\Console->run()
 7 SYSTEMPATH\Boot.php(104): CodeIgniter\Boot::runCommand(Object(CodeIgniter\CLI\Console))
 8 ROOTPATH\spark(87): CodeIgniter\Boot::bootSpark(Object(Config\Paths))
ERROR - 2025-05-15 23:16:45 --> Error connecting to the database: mysqli_sql_exception: Access denied for user 'ukel2b1'@'localhost' (using password: YES) in D:\apps\laragon\www\framework-4.6.1\system\Database\MySQLi\Connection.php:201
Stack trace:
#0 D:\apps\laragon\www\framework-4.6.1\system\Database\MySQLi\Connection.php(201): mysqli->real_connect('127.0.0.1', 'ukel2b1', Object(SensitiveParameterValue), 'dbukel2b1', 3306, '', 0)
#1 D:\apps\laragon\www\framework-4.6.1\system\Database\BaseConnection.php(421): CodeIgniter\Database\MySQLi\Connection->connect(false)
#2 D:\apps\laragon\www\framework-4.6.1\system\Database\BaseConnection.php(620): CodeIgniter\Database\BaseConnection->initialize()
#3 D:\apps\laragon\www\framework-4.6.1\system\Database\BaseConnection.php(1525): CodeIgniter\Database\BaseConnection->query('SHOW TABLES FRO...')
#4 D:\apps\laragon\www\framework-4.6.1\system\Commands\Database\ShowTableInfo.php(121): CodeIgniter\Database\BaseConnection->listTables()
#5 D:\apps\laragon\www\framework-4.6.1\system\CLI\Commands.php(74): CodeIgniter\Commands\Database\ShowTableInfo->run(Array)
#6 D:\apps\laragon\www\framework-4.6.1\system\CLI\Console.php(47): CodeIgniter\CLI\Commands->run('db:table', Array)
#7 D:\apps\laragon\www\framework-4.6.1\system\Boot.php(360): CodeIgniter\CLI\Console->run()
#8 D:\apps\laragon\www\framework-4.6.1\system\Boot.php(104): CodeIgniter\Boot::runCommand(Object(CodeIgniter\CLI\Console))
#9 D:\apps\laragon\www\framework-4.6.1\spark(87): CodeIgniter\Boot::bootSpark(Object(Config\Paths))
#10 {main}

Next CodeIgniter\Database\Exceptions\DatabaseException: Access denied for user '****'@'localhost' (using password: YES) in D:\apps\laragon\www\framework-4.6.1\system\Database\MySQLi\Connection.php:246
Stack trace:
#0 D:\apps\laragon\www\framework-4.6.1\system\Database\BaseConnection.php(421): CodeIgniter\Database\MySQLi\Connection->connect(false)
#1 D:\apps\laragon\www\framework-4.6.1\system\Database\BaseConnection.php(620): CodeIgniter\Database\BaseConnection->initialize()
#2 D:\apps\laragon\www\framework-4.6.1\system\Database\BaseConnection.php(1525): CodeIgniter\Database\BaseConnection->query('SHOW TABLES FRO...')
#3 D:\apps\laragon\www\framework-4.6.1\system\Commands\Database\ShowTableInfo.php(121): CodeIgniter\Database\BaseConnection->listTables()
#4 D:\apps\laragon\www\framework-4.6.1\system\CLI\Commands.php(74): CodeIgniter\Commands\Database\ShowTableInfo->run(Array)
#5 D:\apps\laragon\www\framework-4.6.1\system\CLI\Console.php(47): CodeIgniter\CLI\Commands->run('db:table', Array)
#6 D:\apps\laragon\www\framework-4.6.1\system\Boot.php(360): CodeIgniter\CLI\Console->run()
#7 D:\apps\laragon\www\framework-4.6.1\system\Boot.php(104): CodeIgniter\Boot::runCommand(Object(CodeIgniter\CLI\Console))
#8 D:\apps\laragon\www\framework-4.6.1\spark(87): CodeIgniter\Boot::bootSpark(Object(Config\Paths))
#9 {main}
CRITICAL - 2025-05-15 23:16:45 --> CodeIgniter\Database\Exceptions\DatabaseException: Unable to connect to the database.
Main connection [MySQLi]: Access denied for user '****'@'localhost' (using password: YES)
[Method: CLI, Route: db:table]
in SYSTEMPATH\Database\BaseConnection.php on line 467.
 1 SYSTEMPATH\Database\BaseConnection.php(620): CodeIgniter\Database\BaseConnection->initialize()
 2 SYSTEMPATH\Database\BaseConnection.php(1525): CodeIgniter\Database\BaseConnection->query('SHOW TABLES FROM `dbukel2b1`')
 3 SYSTEMPATH\Commands\Database\ShowTableInfo.php(121): CodeIgniter\Database\BaseConnection->listTables()
 4 SYSTEMPATH\CLI\Commands.php(74): CodeIgniter\Commands\Database\ShowTableInfo->run([])
 5 SYSTEMPATH\CLI\Console.php(47): CodeIgniter\CLI\Commands->run('db:table', [])
 6 SYSTEMPATH\Boot.php(360): CodeIgniter\CLI\Console->run()
 7 SYSTEMPATH\Boot.php(104): CodeIgniter\Boot::runCommand(Object(CodeIgniter\CLI\Console))
 8 ROOTPATH\spark(87): CodeIgniter\Boot::bootSpark(Object(Config\Paths))
ERROR - 2025-05-15 23:17:25 --> Error connecting to the database: mysqli_sql_exception: Access denied for user 'ukel2b1'@'localhost' (using password: YES) in D:\apps\laragon\www\framework-4.6.1\system\Database\MySQLi\Connection.php:201
Stack trace:
#0 D:\apps\laragon\www\framework-4.6.1\system\Database\MySQLi\Connection.php(201): mysqli->real_connect('127.0.0.1', 'ukel2b1', Object(SensitiveParameterValue), 'dbukel2b1', 3306, '/var/run/mysqld...', 0)
#1 D:\apps\laragon\www\framework-4.6.1\system\Database\BaseConnection.php(421): CodeIgniter\Database\MySQLi\Connection->connect(false)
#2 D:\apps\laragon\www\framework-4.6.1\system\Database\BaseConnection.php(620): CodeIgniter\Database\BaseConnection->initialize()
#3 D:\apps\laragon\www\framework-4.6.1\system\Database\BaseConnection.php(1525): CodeIgniter\Database\BaseConnection->query('SHOW TABLES FRO...')
#4 D:\apps\laragon\www\framework-4.6.1\system\Commands\Database\ShowTableInfo.php(121): CodeIgniter\Database\BaseConnection->listTables()
#5 D:\apps\laragon\www\framework-4.6.1\system\CLI\Commands.php(74): CodeIgniter\Commands\Database\ShowTableInfo->run(Array)
#6 D:\apps\laragon\www\framework-4.6.1\system\CLI\Console.php(47): CodeIgniter\CLI\Commands->run('db:table', Array)
#7 D:\apps\laragon\www\framework-4.6.1\system\Boot.php(360): CodeIgniter\CLI\Console->run()
#8 D:\apps\laragon\www\framework-4.6.1\system\Boot.php(104): CodeIgniter\Boot::runCommand(Object(CodeIgniter\CLI\Console))
#9 D:\apps\laragon\www\framework-4.6.1\spark(87): CodeIgniter\Boot::bootSpark(Object(Config\Paths))
#10 {main}

Next CodeIgniter\Database\Exceptions\DatabaseException: Access denied for user '****'@'localhost' (using password: YES) in D:\apps\laragon\www\framework-4.6.1\system\Database\MySQLi\Connection.php:246
Stack trace:
#0 D:\apps\laragon\www\framework-4.6.1\system\Database\BaseConnection.php(421): CodeIgniter\Database\MySQLi\Connection->connect(false)
#1 D:\apps\laragon\www\framework-4.6.1\system\Database\BaseConnection.php(620): CodeIgniter\Database\BaseConnection->initialize()
#2 D:\apps\laragon\www\framework-4.6.1\system\Database\BaseConnection.php(1525): CodeIgniter\Database\BaseConnection->query('SHOW TABLES FRO...')
#3 D:\apps\laragon\www\framework-4.6.1\system\Commands\Database\ShowTableInfo.php(121): CodeIgniter\Database\BaseConnection->listTables()
#4 D:\apps\laragon\www\framework-4.6.1\system\CLI\Commands.php(74): CodeIgniter\Commands\Database\ShowTableInfo->run(Array)
#5 D:\apps\laragon\www\framework-4.6.1\system\CLI\Console.php(47): CodeIgniter\CLI\Commands->run('db:table', Array)
#6 D:\apps\laragon\www\framework-4.6.1\system\Boot.php(360): CodeIgniter\CLI\Console->run()
#7 D:\apps\laragon\www\framework-4.6.1\system\Boot.php(104): CodeIgniter\Boot::runCommand(Object(CodeIgniter\CLI\Console))
#8 D:\apps\laragon\www\framework-4.6.1\spark(87): CodeIgniter\Boot::bootSpark(Object(Config\Paths))
#9 {main}
CRITICAL - 2025-05-15 23:17:25 --> CodeIgniter\Database\Exceptions\DatabaseException: Unable to connect to the database.
Main connection [MySQLi]: Access denied for user '****'@'localhost' (using password: YES)
[Method: CLI, Route: db:table]
in SYSTEMPATH\Database\BaseConnection.php on line 467.
 1 SYSTEMPATH\Database\BaseConnection.php(620): CodeIgniter\Database\BaseConnection->initialize()
 2 SYSTEMPATH\Database\BaseConnection.php(1525): CodeIgniter\Database\BaseConnection->query('SHOW TABLES FROM `dbukel2b1`')
 3 SYSTEMPATH\Commands\Database\ShowTableInfo.php(121): CodeIgniter\Database\BaseConnection->listTables()
 4 SYSTEMPATH\CLI\Commands.php(74): CodeIgniter\Commands\Database\ShowTableInfo->run([])
 5 SYSTEMPATH\CLI\Console.php(47): CodeIgniter\CLI\Commands->run('db:table', [])
 6 SYSTEMPATH\Boot.php(360): CodeIgniter\CLI\Console->run()
 7 SYSTEMPATH\Boot.php(104): CodeIgniter\Boot::runCommand(Object(CodeIgniter\CLI\Console))
 8 ROOTPATH\spark(87): CodeIgniter\Boot::bootSpark(Object(Config\Paths))
ERROR - 2025-05-15 23:19:47 --> Error connecting to the database: mysqli_sql_exception: Access denied for user 'ukel2b1'@'localhost' (using password: YES) in D:\apps\laragon\www\framework-4.6.1\system\Database\MySQLi\Connection.php:201
Stack trace:
#0 D:\apps\laragon\www\framework-4.6.1\system\Database\MySQLi\Connection.php(201): mysqli->real_connect('127.0.0.1', 'ukel2b1', Object(SensitiveParameterValue), 'dbukel2b1', 3306, '', 0)
#1 D:\apps\laragon\www\framework-4.6.1\system\Database\BaseConnection.php(421): CodeIgniter\Database\MySQLi\Connection->connect(false)
#2 D:\apps\laragon\www\framework-4.6.1\system\Database\BaseConnection.php(620): CodeIgniter\Database\BaseConnection->initialize()
#3 D:\apps\laragon\www\framework-4.6.1\system\Database\BaseConnection.php(1525): CodeIgniter\Database\BaseConnection->query('SHOW TABLES FRO...')
#4 D:\apps\laragon\www\framework-4.6.1\system\Commands\Database\ShowTableInfo.php(121): CodeIgniter\Database\BaseConnection->listTables()
#5 D:\apps\laragon\www\framework-4.6.1\system\CLI\Commands.php(74): CodeIgniter\Commands\Database\ShowTableInfo->run(Array)
#6 D:\apps\laragon\www\framework-4.6.1\system\CLI\Console.php(47): CodeIgniter\CLI\Commands->run('db:table', Array)
#7 D:\apps\laragon\www\framework-4.6.1\system\Boot.php(360): CodeIgniter\CLI\Console->run()
#8 D:\apps\laragon\www\framework-4.6.1\system\Boot.php(104): CodeIgniter\Boot::runCommand(Object(CodeIgniter\CLI\Console))
#9 D:\apps\laragon\www\framework-4.6.1\spark(87): CodeIgniter\Boot::bootSpark(Object(Config\Paths))
#10 {main}

Next CodeIgniter\Database\Exceptions\DatabaseException: Access denied for user '****'@'localhost' (using password: YES) in D:\apps\laragon\www\framework-4.6.1\system\Database\MySQLi\Connection.php:246
Stack trace:
#0 D:\apps\laragon\www\framework-4.6.1\system\Database\BaseConnection.php(421): CodeIgniter\Database\MySQLi\Connection->connect(false)
#1 D:\apps\laragon\www\framework-4.6.1\system\Database\BaseConnection.php(620): CodeIgniter\Database\BaseConnection->initialize()
#2 D:\apps\laragon\www\framework-4.6.1\system\Database\BaseConnection.php(1525): CodeIgniter\Database\BaseConnection->query('SHOW TABLES FRO...')
#3 D:\apps\laragon\www\framework-4.6.1\system\Commands\Database\ShowTableInfo.php(121): CodeIgniter\Database\BaseConnection->listTables()
#4 D:\apps\laragon\www\framework-4.6.1\system\CLI\Commands.php(74): CodeIgniter\Commands\Database\ShowTableInfo->run(Array)
#5 D:\apps\laragon\www\framework-4.6.1\system\CLI\Console.php(47): CodeIgniter\CLI\Commands->run('db:table', Array)
#6 D:\apps\laragon\www\framework-4.6.1\system\Boot.php(360): CodeIgniter\CLI\Console->run()
#7 D:\apps\laragon\www\framework-4.6.1\system\Boot.php(104): CodeIgniter\Boot::runCommand(Object(CodeIgniter\CLI\Console))
#8 D:\apps\laragon\www\framework-4.6.1\spark(87): CodeIgniter\Boot::bootSpark(Object(Config\Paths))
#9 {main}
CRITICAL - 2025-05-15 23:19:47 --> CodeIgniter\Database\Exceptions\DatabaseException: Unable to connect to the database.
Main connection [MySQLi]: Access denied for user '****'@'localhost' (using password: YES)
[Method: CLI, Route: db:table]
in SYSTEMPATH\Database\BaseConnection.php on line 467.
 1 SYSTEMPATH\Database\BaseConnection.php(620): CodeIgniter\Database\BaseConnection->initialize()
 2 SYSTEMPATH\Database\BaseConnection.php(1525): CodeIgniter\Database\BaseConnection->query('SHOW TABLES FROM `dbukel2b1`')
 3 SYSTEMPATH\Commands\Database\ShowTableInfo.php(121): CodeIgniter\Database\BaseConnection->listTables()
 4 SYSTEMPATH\CLI\Commands.php(74): CodeIgniter\Commands\Database\ShowTableInfo->run([])
 5 SYSTEMPATH\CLI\Console.php(47): CodeIgniter\CLI\Commands->run('db:table', [])
 6 SYSTEMPATH\Boot.php(360): CodeIgniter\CLI\Console->run()
 7 SYSTEMPATH\Boot.php(104): CodeIgniter\Boot::runCommand(Object(CodeIgniter\CLI\Console))
 8 ROOTPATH\spark(87): CodeIgniter\Boot::bootSpark(Object(Config\Paths))
ERROR - 2025-05-15 23:20:34 --> Error connecting to the database: mysqli_sql_exception: Access denied for user 'ukel2b1'@'localhost' (using password: YES) in D:\apps\laragon\www\framework-4.6.1\system\Database\MySQLi\Connection.php:201
Stack trace:
#0 D:\apps\laragon\www\framework-4.6.1\system\Database\MySQLi\Connection.php(201): mysqli->real_connect('127.0.0.1', 'ukel2b1', Object(SensitiveParameterValue), 'dbukel2b1', 3306, '', 0)
#1 D:\apps\laragon\www\framework-4.6.1\system\Database\BaseConnection.php(421): CodeIgniter\Database\MySQLi\Connection->connect(false)
#2 D:\apps\laragon\www\framework-4.6.1\system\Database\BaseConnection.php(620): CodeIgniter\Database\BaseConnection->initialize()
#3 D:\apps\laragon\www\framework-4.6.1\system\Database\BaseConnection.php(1525): CodeIgniter\Database\BaseConnection->query('SHOW TABLES FRO...')
#4 D:\apps\laragon\www\framework-4.6.1\system\Commands\Database\ShowTableInfo.php(121): CodeIgniter\Database\BaseConnection->listTables()
#5 D:\apps\laragon\www\framework-4.6.1\system\CLI\Commands.php(74): CodeIgniter\Commands\Database\ShowTableInfo->run(Array)
#6 D:\apps\laragon\www\framework-4.6.1\system\CLI\Console.php(47): CodeIgniter\CLI\Commands->run('db:table', Array)
#7 D:\apps\laragon\www\framework-4.6.1\system\Boot.php(360): CodeIgniter\CLI\Console->run()
#8 D:\apps\laragon\www\framework-4.6.1\system\Boot.php(104): CodeIgniter\Boot::runCommand(Object(CodeIgniter\CLI\Console))
#9 D:\apps\laragon\www\framework-4.6.1\spark(87): CodeIgniter\Boot::bootSpark(Object(Config\Paths))
#10 {main}

Next CodeIgniter\Database\Exceptions\DatabaseException: Access denied for user '****'@'localhost' (using password: YES) in D:\apps\laragon\www\framework-4.6.1\system\Database\MySQLi\Connection.php:246
Stack trace:
#0 D:\apps\laragon\www\framework-4.6.1\system\Database\BaseConnection.php(421): CodeIgniter\Database\MySQLi\Connection->connect(false)
#1 D:\apps\laragon\www\framework-4.6.1\system\Database\BaseConnection.php(620): CodeIgniter\Database\BaseConnection->initialize()
#2 D:\apps\laragon\www\framework-4.6.1\system\Database\BaseConnection.php(1525): CodeIgniter\Database\BaseConnection->query('SHOW TABLES FRO...')
#3 D:\apps\laragon\www\framework-4.6.1\system\Commands\Database\ShowTableInfo.php(121): CodeIgniter\Database\BaseConnection->listTables()
#4 D:\apps\laragon\www\framework-4.6.1\system\CLI\Commands.php(74): CodeIgniter\Commands\Database\ShowTableInfo->run(Array)
#5 D:\apps\laragon\www\framework-4.6.1\system\CLI\Console.php(47): CodeIgniter\CLI\Commands->run('db:table', Array)
#6 D:\apps\laragon\www\framework-4.6.1\system\Boot.php(360): CodeIgniter\CLI\Console->run()
#7 D:\apps\laragon\www\framework-4.6.1\system\Boot.php(104): CodeIgniter\Boot::runCommand(Object(CodeIgniter\CLI\Console))
#8 D:\apps\laragon\www\framework-4.6.1\spark(87): CodeIgniter\Boot::bootSpark(Object(Config\Paths))
#9 {main}
CRITICAL - 2025-05-15 23:20:34 --> CodeIgniter\Database\Exceptions\DatabaseException: Unable to connect to the database.
Main connection [MySQLi]: Access denied for user '****'@'localhost' (using password: YES)
[Method: CLI, Route: db:table]
in SYSTEMPATH\Database\BaseConnection.php on line 467.
 1 SYSTEMPATH\Database\BaseConnection.php(620): CodeIgniter\Database\BaseConnection->initialize()
 2 SYSTEMPATH\Database\BaseConnection.php(1525): CodeIgniter\Database\BaseConnection->query('SHOW TABLES FROM `dbukel2b1`')
 3 SYSTEMPATH\Commands\Database\ShowTableInfo.php(121): CodeIgniter\Database\BaseConnection->listTables()
 4 SYSTEMPATH\CLI\Commands.php(74): CodeIgniter\Commands\Database\ShowTableInfo->run([])
 5 SYSTEMPATH\CLI\Console.php(47): CodeIgniter\CLI\Commands->run('db:table', [])
 6 SYSTEMPATH\Boot.php(360): CodeIgniter\CLI\Console->run()
 7 SYSTEMPATH\Boot.php(104): CodeIgniter\Boot::runCommand(Object(CodeIgniter\CLI\Console))
 8 ROOTPATH\spark(87): CodeIgniter\Boot::bootSpark(Object(Config\Paths))
ERROR - 2025-05-15 23:27:00 --> Error connecting to the database: mysqli_sql_exception: Access denied for user 'ukel2b1'@'localhost' (using password: YES) in D:\apps\laragon\www\framework-4.6.1\system\Database\MySQLi\Connection.php:201
Stack trace:
#0 D:\apps\laragon\www\framework-4.6.1\system\Database\MySQLi\Connection.php(201): mysqli->real_connect('127.0.0.1', 'ukel2b1', Object(SensitiveParameterValue), 'dbukel2b1', 3306, '', 0)
#1 D:\apps\laragon\www\framework-4.6.1\system\Database\BaseConnection.php(421): CodeIgniter\Database\MySQLi\Connection->connect(false)
#2 D:\apps\laragon\www\framework-4.6.1\system\Database\BaseConnection.php(620): CodeIgniter\Database\BaseConnection->initialize()
#3 D:\apps\laragon\www\framework-4.6.1\system\Database\BaseConnection.php(1525): CodeIgniter\Database\BaseConnection->query('SHOW TABLES FRO...')
#4 D:\apps\laragon\www\framework-4.6.1\system\Commands\Database\ShowTableInfo.php(121): CodeIgniter\Database\BaseConnection->listTables()
#5 D:\apps\laragon\www\framework-4.6.1\system\CLI\Commands.php(74): CodeIgniter\Commands\Database\ShowTableInfo->run(Array)
#6 D:\apps\laragon\www\framework-4.6.1\system\CLI\Console.php(47): CodeIgniter\CLI\Commands->run('db:table', Array)
#7 D:\apps\laragon\www\framework-4.6.1\system\Boot.php(360): CodeIgniter\CLI\Console->run()
#8 D:\apps\laragon\www\framework-4.6.1\system\Boot.php(104): CodeIgniter\Boot::runCommand(Object(CodeIgniter\CLI\Console))
#9 D:\apps\laragon\www\framework-4.6.1\spark(87): CodeIgniter\Boot::bootSpark(Object(Config\Paths))
#10 {main}

Next CodeIgniter\Database\Exceptions\DatabaseException: Access denied for user '****'@'localhost' (using password: YES) in D:\apps\laragon\www\framework-4.6.1\system\Database\MySQLi\Connection.php:246
Stack trace:
#0 D:\apps\laragon\www\framework-4.6.1\system\Database\BaseConnection.php(421): CodeIgniter\Database\MySQLi\Connection->connect(false)
#1 D:\apps\laragon\www\framework-4.6.1\system\Database\BaseConnection.php(620): CodeIgniter\Database\BaseConnection->initialize()
#2 D:\apps\laragon\www\framework-4.6.1\system\Database\BaseConnection.php(1525): CodeIgniter\Database\BaseConnection->query('SHOW TABLES FRO...')
#3 D:\apps\laragon\www\framework-4.6.1\system\Commands\Database\ShowTableInfo.php(121): CodeIgniter\Database\BaseConnection->listTables()
#4 D:\apps\laragon\www\framework-4.6.1\system\CLI\Commands.php(74): CodeIgniter\Commands\Database\ShowTableInfo->run(Array)
#5 D:\apps\laragon\www\framework-4.6.1\system\CLI\Console.php(47): CodeIgniter\CLI\Commands->run('db:table', Array)
#6 D:\apps\laragon\www\framework-4.6.1\system\Boot.php(360): CodeIgniter\CLI\Console->run()
#7 D:\apps\laragon\www\framework-4.6.1\system\Boot.php(104): CodeIgniter\Boot::runCommand(Object(CodeIgniter\CLI\Console))
#8 D:\apps\laragon\www\framework-4.6.1\spark(87): CodeIgniter\Boot::bootSpark(Object(Config\Paths))
#9 {main}
CRITICAL - 2025-05-15 23:27:00 --> CodeIgniter\Database\Exceptions\DatabaseException: Unable to connect to the database.
Main connection [MySQLi]: Access denied for user '****'@'localhost' (using password: YES)
[Method: CLI, Route: db:table]
in SYSTEMPATH\Database\BaseConnection.php on line 467.
 1 SYSTEMPATH\Database\BaseConnection.php(620): CodeIgniter\Database\BaseConnection->initialize()
 2 SYSTEMPATH\Database\BaseConnection.php(1525): CodeIgniter\Database\BaseConnection->query('SHOW TABLES FROM `dbukel2b1`')
 3 SYSTEMPATH\Commands\Database\ShowTableInfo.php(121): CodeIgniter\Database\BaseConnection->listTables()
 4 SYSTEMPATH\CLI\Commands.php(74): CodeIgniter\Commands\Database\ShowTableInfo->run([])
 5 SYSTEMPATH\CLI\Console.php(47): CodeIgniter\CLI\Commands->run('db:table', [])
 6 SYSTEMPATH\Boot.php(360): CodeIgniter\CLI\Console->run()
 7 SYSTEMPATH\Boot.php(104): CodeIgniter\Boot::runCommand(Object(CodeIgniter\CLI\Console))
 8 ROOTPATH\spark(87): CodeIgniter\Boot::bootSpark(Object(Config\Paths))
ERROR - 2025-05-15 23:27:53 --> Error connecting to the database: mysqli_sql_exception: Access denied for user 'ukel2b1'@'localhost' (using password: YES) in D:\apps\laragon\www\framework-4.6.1\system\Database\MySQLi\Connection.php:201
Stack trace:
#0 D:\apps\laragon\www\framework-4.6.1\system\Database\MySQLi\Connection.php(201): mysqli->real_connect('127.0.0.1', 'ukel2b1', Object(SensitiveParameterValue), 'dbukel2b1', 3306, '', 0)
#1 D:\apps\laragon\www\framework-4.6.1\system\Database\BaseConnection.php(421): CodeIgniter\Database\MySQLi\Connection->connect(false)
#2 D:\apps\laragon\www\framework-4.6.1\system\Database\BaseConnection.php(620): CodeIgniter\Database\BaseConnection->initialize()
#3 D:\apps\laragon\www\framework-4.6.1\system\Database\BaseConnection.php(1525): CodeIgniter\Database\BaseConnection->query('SHOW TABLES FRO...')
#4 D:\apps\laragon\www\framework-4.6.1\system\Commands\Database\ShowTableInfo.php(121): CodeIgniter\Database\BaseConnection->listTables()
#5 D:\apps\laragon\www\framework-4.6.1\system\CLI\Commands.php(74): CodeIgniter\Commands\Database\ShowTableInfo->run(Array)
#6 D:\apps\laragon\www\framework-4.6.1\system\CLI\Console.php(47): CodeIgniter\CLI\Commands->run('db:table', Array)
#7 D:\apps\laragon\www\framework-4.6.1\system\Boot.php(360): CodeIgniter\CLI\Console->run()
#8 D:\apps\laragon\www\framework-4.6.1\system\Boot.php(104): CodeIgniter\Boot::runCommand(Object(CodeIgniter\CLI\Console))
#9 D:\apps\laragon\www\framework-4.6.1\spark(87): CodeIgniter\Boot::bootSpark(Object(Config\Paths))
#10 {main}

Next CodeIgniter\Database\Exceptions\DatabaseException: Access denied for user '****'@'localhost' (using password: YES) in D:\apps\laragon\www\framework-4.6.1\system\Database\MySQLi\Connection.php:246
Stack trace:
#0 D:\apps\laragon\www\framework-4.6.1\system\Database\BaseConnection.php(421): CodeIgniter\Database\MySQLi\Connection->connect(false)
#1 D:\apps\laragon\www\framework-4.6.1\system\Database\BaseConnection.php(620): CodeIgniter\Database\BaseConnection->initialize()
#2 D:\apps\laragon\www\framework-4.6.1\system\Database\BaseConnection.php(1525): CodeIgniter\Database\BaseConnection->query('SHOW TABLES FRO...')
#3 D:\apps\laragon\www\framework-4.6.1\system\Commands\Database\ShowTableInfo.php(121): CodeIgniter\Database\BaseConnection->listTables()
#4 D:\apps\laragon\www\framework-4.6.1\system\CLI\Commands.php(74): CodeIgniter\Commands\Database\ShowTableInfo->run(Array)
#5 D:\apps\laragon\www\framework-4.6.1\system\CLI\Console.php(47): CodeIgniter\CLI\Commands->run('db:table', Array)
#6 D:\apps\laragon\www\framework-4.6.1\system\Boot.php(360): CodeIgniter\CLI\Console->run()
#7 D:\apps\laragon\www\framework-4.6.1\system\Boot.php(104): CodeIgniter\Boot::runCommand(Object(CodeIgniter\CLI\Console))
#8 D:\apps\laragon\www\framework-4.6.1\spark(87): CodeIgniter\Boot::bootSpark(Object(Config\Paths))
#9 {main}
CRITICAL - 2025-05-15 23:27:53 --> CodeIgniter\Database\Exceptions\DatabaseException: Unable to connect to the database.
Main connection [MySQLi]: Access denied for user '****'@'localhost' (using password: YES)
[Method: CLI, Route: db:table]
in SYSTEMPATH\Database\BaseConnection.php on line 467.
 1 SYSTEMPATH\Database\BaseConnection.php(620): CodeIgniter\Database\BaseConnection->initialize()
 2 SYSTEMPATH\Database\BaseConnection.php(1525): CodeIgniter\Database\BaseConnection->query('SHOW TABLES FROM `dbukel2b1`')
 3 SYSTEMPATH\Commands\Database\ShowTableInfo.php(121): CodeIgniter\Database\BaseConnection->listTables()
 4 SYSTEMPATH\CLI\Commands.php(74): CodeIgniter\Commands\Database\ShowTableInfo->run([])
 5 SYSTEMPATH\CLI\Console.php(47): CodeIgniter\CLI\Commands->run('db:table', [])
 6 SYSTEMPATH\Boot.php(360): CodeIgniter\CLI\Console->run()
 7 SYSTEMPATH\Boot.php(104): CodeIgniter\Boot::runCommand(Object(CodeIgniter\CLI\Console))
 8 ROOTPATH\spark(87): CodeIgniter\Boot::bootSpark(Object(Config\Paths))
ERROR - 2025-05-15 23:35:28 --> Error connecting to the database: mysqli_sql_exception: Access denied for user 'ukel2b1'@'localhost' (using password: YES) in D:\apps\laragon\www\framework-4.6.1\system\Database\MySQLi\Connection.php:201
Stack trace:
#0 D:\apps\laragon\www\framework-4.6.1\system\Database\MySQLi\Connection.php(201): mysqli->real_connect('127.0.0.1', 'ukel2b1', Object(SensitiveParameterValue), 'dbukel2b1', 3306, '', 0)
#1 D:\apps\laragon\www\framework-4.6.1\system\Database\BaseConnection.php(421): CodeIgniter\Database\MySQLi\Connection->connect(false)
#2 D:\apps\laragon\www\framework-4.6.1\system\Database\BaseConnection.php(620): CodeIgniter\Database\BaseConnection->initialize()
#3 D:\apps\laragon\www\framework-4.6.1\system\Database\BaseConnection.php(1525): CodeIgniter\Database\BaseConnection->query('SHOW TABLES FRO...')
#4 D:\apps\laragon\www\framework-4.6.1\system\Commands\Database\ShowTableInfo.php(121): CodeIgniter\Database\BaseConnection->listTables()
#5 D:\apps\laragon\www\framework-4.6.1\system\CLI\Commands.php(74): CodeIgniter\Commands\Database\ShowTableInfo->run(Array)
#6 D:\apps\laragon\www\framework-4.6.1\system\CLI\Console.php(47): CodeIgniter\CLI\Commands->run('db:table', Array)
#7 D:\apps\laragon\www\framework-4.6.1\system\Boot.php(360): CodeIgniter\CLI\Console->run()
#8 D:\apps\laragon\www\framework-4.6.1\system\Boot.php(104): CodeIgniter\Boot::runCommand(Object(CodeIgniter\CLI\Console))
#9 D:\apps\laragon\www\framework-4.6.1\spark(87): CodeIgniter\Boot::bootSpark(Object(Config\Paths))
#10 {main}

Next CodeIgniter\Database\Exceptions\DatabaseException: Access denied for user '****'@'localhost' (using password: YES) in D:\apps\laragon\www\framework-4.6.1\system\Database\MySQLi\Connection.php:246
Stack trace:
#0 D:\apps\laragon\www\framework-4.6.1\system\Database\BaseConnection.php(421): CodeIgniter\Database\MySQLi\Connection->connect(false)
#1 D:\apps\laragon\www\framework-4.6.1\system\Database\BaseConnection.php(620): CodeIgniter\Database\BaseConnection->initialize()
#2 D:\apps\laragon\www\framework-4.6.1\system\Database\BaseConnection.php(1525): CodeIgniter\Database\BaseConnection->query('SHOW TABLES FRO...')
#3 D:\apps\laragon\www\framework-4.6.1\system\Commands\Database\ShowTableInfo.php(121): CodeIgniter\Database\BaseConnection->listTables()
#4 D:\apps\laragon\www\framework-4.6.1\system\CLI\Commands.php(74): CodeIgniter\Commands\Database\ShowTableInfo->run(Array)
#5 D:\apps\laragon\www\framework-4.6.1\system\CLI\Console.php(47): CodeIgniter\CLI\Commands->run('db:table', Array)
#6 D:\apps\laragon\www\framework-4.6.1\system\Boot.php(360): CodeIgniter\CLI\Console->run()
#7 D:\apps\laragon\www\framework-4.6.1\system\Boot.php(104): CodeIgniter\Boot::runCommand(Object(CodeIgniter\CLI\Console))
#8 D:\apps\laragon\www\framework-4.6.1\spark(87): CodeIgniter\Boot::bootSpark(Object(Config\Paths))
#9 {main}
CRITICAL - 2025-05-15 23:35:28 --> CodeIgniter\Database\Exceptions\DatabaseException: Unable to connect to the database.
Main connection [MySQLi]: Access denied for user '****'@'localhost' (using password: YES)
[Method: CLI, Route: db:table]
in SYSTEMPATH\Database\BaseConnection.php on line 467.
 1 SYSTEMPATH\Database\BaseConnection.php(620): CodeIgniter\Database\BaseConnection->initialize()
 2 SYSTEMPATH\Database\BaseConnection.php(1525): CodeIgniter\Database\BaseConnection->query('SHOW TABLES FROM `dbukel2b1`')
 3 SYSTEMPATH\Commands\Database\ShowTableInfo.php(121): CodeIgniter\Database\BaseConnection->listTables()
 4 SYSTEMPATH\CLI\Commands.php(74): CodeIgniter\Commands\Database\ShowTableInfo->run([])
 5 SYSTEMPATH\CLI\Console.php(47): CodeIgniter\CLI\Commands->run('db:table', [])
 6 SYSTEMPATH\Boot.php(360): CodeIgniter\CLI\Console->run()
 7 SYSTEMPATH\Boot.php(104): CodeIgniter\Boot::runCommand(Object(CodeIgniter\CLI\Console))
 8 ROOTPATH\spark(87): CodeIgniter\Boot::bootSpark(Object(Config\Paths))
ERROR - 2025-05-15 23:35:39 --> Error connecting to the database: mysqli_sql_exception: The requested address is not valid in its context in D:\apps\laragon\www\framework-4.6.1\system\Database\MySQLi\Connection.php:201
Stack trace:
#0 D:\apps\laragon\www\framework-4.6.1\system\Database\MySQLi\Connection.php(201): mysqli->real_connect('127.0.0.1:/var/...', 'ukel2b1', Object(SensitiveParameterValue), 'dbukel2b1', 3306, '', 0)
#1 D:\apps\laragon\www\framework-4.6.1\system\Database\BaseConnection.php(421): CodeIgniter\Database\MySQLi\Connection->connect(false)
#2 D:\apps\laragon\www\framework-4.6.1\system\Database\BaseConnection.php(620): CodeIgniter\Database\BaseConnection->initialize()
#3 D:\apps\laragon\www\framework-4.6.1\system\Database\BaseConnection.php(1525): CodeIgniter\Database\BaseConnection->query('SHOW TABLES FRO...')
#4 D:\apps\laragon\www\framework-4.6.1\system\Commands\Database\ShowTableInfo.php(121): CodeIgniter\Database\BaseConnection->listTables()
#5 D:\apps\laragon\www\framework-4.6.1\system\CLI\Commands.php(74): CodeIgniter\Commands\Database\ShowTableInfo->run(Array)
#6 D:\apps\laragon\www\framework-4.6.1\system\CLI\Console.php(47): CodeIgniter\CLI\Commands->run('db:table', Array)
#7 D:\apps\laragon\www\framework-4.6.1\system\Boot.php(360): CodeIgniter\CLI\Console->run()
#8 D:\apps\laragon\www\framework-4.6.1\system\Boot.php(104): CodeIgniter\Boot::runCommand(Object(CodeIgniter\CLI\Console))
#9 D:\apps\laragon\www\framework-4.6.1\spark(87): CodeIgniter\Boot::bootSpark(Object(Config\Paths))
#10 {main}

Next CodeIgniter\Database\Exceptions\DatabaseException: The requested address is not valid in its context in D:\apps\laragon\www\framework-4.6.1\system\Database\MySQLi\Connection.php:246
Stack trace:
#0 D:\apps\laragon\www\framework-4.6.1\system\Database\BaseConnection.php(421): CodeIgniter\Database\MySQLi\Connection->connect(false)
#1 D:\apps\laragon\www\framework-4.6.1\system\Database\BaseConnection.php(620): CodeIgniter\Database\BaseConnection->initialize()
#2 D:\apps\laragon\www\framework-4.6.1\system\Database\BaseConnection.php(1525): CodeIgniter\Database\BaseConnection->query('SHOW TABLES FRO...')
#3 D:\apps\laragon\www\framework-4.6.1\system\Commands\Database\ShowTableInfo.php(121): CodeIgniter\Database\BaseConnection->listTables()
#4 D:\apps\laragon\www\framework-4.6.1\system\CLI\Commands.php(74): CodeIgniter\Commands\Database\ShowTableInfo->run(Array)
#5 D:\apps\laragon\www\framework-4.6.1\system\CLI\Console.php(47): CodeIgniter\CLI\Commands->run('db:table', Array)
#6 D:\apps\laragon\www\framework-4.6.1\system\Boot.php(360): CodeIgniter\CLI\Console->run()
#7 D:\apps\laragon\www\framework-4.6.1\system\Boot.php(104): CodeIgniter\Boot::runCommand(Object(CodeIgniter\CLI\Console))
#8 D:\apps\laragon\www\framework-4.6.1\spark(87): CodeIgniter\Boot::bootSpark(Object(Config\Paths))
#9 {main}
CRITICAL - 2025-05-15 23:35:39 --> CodeIgniter\Database\Exceptions\DatabaseException: Unable to connect to the database.
Main connection [MySQLi]: The requested address is not valid in its context
[Method: CLI, Route: db:table]
in SYSTEMPATH\Database\BaseConnection.php on line 467.
 1 SYSTEMPATH\Database\BaseConnection.php(620): CodeIgniter\Database\BaseConnection->initialize()
 2 SYSTEMPATH\Database\BaseConnection.php(1525): CodeIgniter\Database\BaseConnection->query('SHOW TABLES FROM `dbukel2b1`')
 3 SYSTEMPATH\Commands\Database\ShowTableInfo.php(121): CodeIgniter\Database\BaseConnection->listTables()
 4 SYSTEMPATH\CLI\Commands.php(74): CodeIgniter\Commands\Database\ShowTableInfo->run([])
 5 SYSTEMPATH\CLI\Console.php(47): CodeIgniter\CLI\Commands->run('db:table', [])
 6 SYSTEMPATH\Boot.php(360): CodeIgniter\CLI\Console->run()
 7 SYSTEMPATH\Boot.php(104): CodeIgniter\Boot::runCommand(Object(CodeIgniter\CLI\Console))
 8 ROOTPATH\spark(87): CodeIgniter\Boot::bootSpark(Object(Config\Paths))
