CRITICAL - 2025-05-10 08:09:55 --> ErrorException: Undefined variable $data
[Method: GET, Route: /]
in APPPATH\Views\pages\home.php on line 8.
 1 APPPATH\Views\pages\home.php(8): CodeIgniter\Debug\Exceptions->errorHandler(2, 'Undefined variable $data', 'D:\\apps\\laragon\\www\\framework-4.6.1\\app\\Views\\pages\\home.php', 8)
 2 SYSTEMPATH\View\View.php(224): include('D:\\apps\\laragon\\www\\framework-4.6.1\\app\\Views\\pages\\home.php')
 3 SYSTEMPATH\View\View.php(227): CodeIgniter\View\View->{closure:CodeIgniter\View\View::render():221}()
 4 SYSTEMPATH\Common.php(1173): CodeIgniter\View\View->render('pages/home', [], true)
 5 APPPATH\Controllers\Pages.php(13): view('pages/home', [...])
 6 SYSTEMPATH\CodeIgniter.php(933): App\Controllers\Pages->index()
 7 SYSTEMPATH\CodeIgniter.php(507): CodeIgniter\CodeIgniter->runController(Object(App\Controllers\Pages))
 8 SYSTEMPATH\CodeIgniter.php(354): CodeIgniter\CodeIgniter->handleRequest(null, Object(Config\Cache), false)
 9 SYSTEMPATH\Boot.php(334): CodeIgniter\CodeIgniter->run()
10 SYSTEMPATH\Boot.php(67): CodeIgniter\Boot::runCodeIgniter(Object(CodeIgniter\CodeIgniter))
11 FCPATH\index.php(59): CodeIgniter\Boot::bootWeb(Object(Config\Paths))
12 SYSTEMPATH\rewrite.php(44): require_once('D:\\apps\\laragon\\www\\framework-4.6.1\\public\\index.php')
CRITICAL - 2025-05-10 08:10:11 --> ErrorException: Undefined variable $data
[Method: GET, Route: /]
in APPPATH\Views\pages\home.php on line 8.
 1 APPPATH\Views\pages\home.php(8): CodeIgniter\Debug\Exceptions->errorHandler(2, 'Undefined variable $data', 'D:\\apps\\laragon\\www\\framework-4.6.1\\app\\Views\\pages\\home.php', 8)
 2 SYSTEMPATH\View\View.php(224): include('D:\\apps\\laragon\\www\\framework-4.6.1\\app\\Views\\pages\\home.php')
 3 SYSTEMPATH\View\View.php(227): CodeIgniter\View\View->{closure:CodeIgniter\View\View::render():221}()
 4 SYSTEMPATH\Common.php(1173): CodeIgniter\View\View->render('pages/home', [], true)
 5 APPPATH\Controllers\Pages.php(13): view('pages/home', [...])
 6 SYSTEMPATH\CodeIgniter.php(933): App\Controllers\Pages->index()
 7 SYSTEMPATH\CodeIgniter.php(507): CodeIgniter\CodeIgniter->runController(Object(App\Controllers\Pages))
 8 SYSTEMPATH\CodeIgniter.php(354): CodeIgniter\CodeIgniter->handleRequest(null, Object(Config\Cache), false)
 9 SYSTEMPATH\Boot.php(334): CodeIgniter\CodeIgniter->run()
10 SYSTEMPATH\Boot.php(67): CodeIgniter\Boot::runCodeIgniter(Object(CodeIgniter\CodeIgniter))
11 FCPATH\index.php(59): CodeIgniter\Boot::bootWeb(Object(Config\Paths))
12 SYSTEMPATH\rewrite.php(44): require_once('D:\\apps\\laragon\\www\\framework-4.6.1\\public\\index.php')
CRITICAL - 2025-05-10 08:10:34 --> ErrorException: Undefined variable $data
[Method: GET, Route: /]
in APPPATH\Views\pages\home.php on line 8.
 1 APPPATH\Views\pages\home.php(8): CodeIgniter\Debug\Exceptions->errorHandler(2, 'Undefined variable $data', 'D:\\apps\\laragon\\www\\framework-4.6.1\\app\\Views\\pages\\home.php', 8)
 2 SYSTEMPATH\View\View.php(224): include('D:\\apps\\laragon\\www\\framework-4.6.1\\app\\Views\\pages\\home.php')
 3 SYSTEMPATH\View\View.php(227): CodeIgniter\View\View->{closure:CodeIgniter\View\View::render():221}()
 4 SYSTEMPATH\Common.php(1173): CodeIgniter\View\View->render('pages/home', [], true)
 5 APPPATH\Controllers\Pages.php(13): view('pages/home', [...])
 6 SYSTEMPATH\CodeIgniter.php(933): App\Controllers\Pages->index()
 7 SYSTEMPATH\CodeIgniter.php(507): CodeIgniter\CodeIgniter->runController(Object(App\Controllers\Pages))
 8 SYSTEMPATH\CodeIgniter.php(354): CodeIgniter\CodeIgniter->handleRequest(null, Object(Config\Cache), false)
 9 SYSTEMPATH\Boot.php(334): CodeIgniter\CodeIgniter->run()
10 SYSTEMPATH\Boot.php(67): CodeIgniter\Boot::runCodeIgniter(Object(CodeIgniter\CodeIgniter))
11 FCPATH\index.php(59): CodeIgniter\Boot::bootWeb(Object(Config\Paths))
12 SYSTEMPATH\rewrite.php(44): require_once('D:\\apps\\laragon\\www\\framework-4.6.1\\public\\index.php')
CRITICAL - 2025-05-10 08:29:58 --> CodeIgniter\View\Exceptions\ViewException: Invalid file: "dashboard_template.php"
[Method: GET, Route: dashboard]
in SYSTEMPATH\Exceptions\FrameworkException.php on line 39.
 1 SYSTEMPATH\View\View.php(212): CodeIgniter\Exceptions\FrameworkException::forInvalidFile('dashboard_template.php')
 2 SYSTEMPATH\View\View.php(240): CodeIgniter\View\View->render('dashboard_template', [], true)
 3 SYSTEMPATH\Common.php(1173): CodeIgniter\View\View->render('dashboard/dashboard', [], true)
 4 APPPATH\Controllers\Dashboard.php(9): view('dashboard/dashboard')
 5 SYSTEMPATH\CodeIgniter.php(933): App\Controllers\Dashboard->index()
 6 SYSTEMPATH\CodeIgniter.php(507): CodeIgniter\CodeIgniter->runController(Object(App\Controllers\Dashboard))
 7 SYSTEMPATH\CodeIgniter.php(354): CodeIgniter\CodeIgniter->handleRequest(null, Object(Config\Cache), false)
 8 SYSTEMPATH\Boot.php(334): CodeIgniter\CodeIgniter->run()
 9 SYSTEMPATH\Boot.php(67): CodeIgniter\Boot::runCodeIgniter(Object(CodeIgniter\CodeIgniter))
10 FCPATH\index.php(59): CodeIgniter\Boot::bootWeb(Object(Config\Paths))
11 SYSTEMPATH\rewrite.php(44): require_once('D:\\apps\\laragon\\www\\framework-4.6.1\\public\\index.php')
CRITICAL - 2025-05-10 08:30:20 --> CodeIgniter\View\Exceptions\ViewException: Invalid file: "dashboard template.php"
[Method: GET, Route: dashboard]
in SYSTEMPATH\Exceptions\FrameworkException.php on line 39.
 1 SYSTEMPATH\View\View.php(212): CodeIgniter\Exceptions\FrameworkException::forInvalidFile('dashboard template.php')
 2 SYSTEMPATH\View\View.php(240): CodeIgniter\View\View->render('dashboard template', [], true)
 3 SYSTEMPATH\Common.php(1173): CodeIgniter\View\View->render('dashboard/dashboard', [], true)
 4 APPPATH\Controllers\Dashboard.php(9): view('dashboard/dashboard')
 5 SYSTEMPATH\CodeIgniter.php(933): App\Controllers\Dashboard->index()
 6 SYSTEMPATH\CodeIgniter.php(507): CodeIgniter\CodeIgniter->runController(Object(App\Controllers\Dashboard))
 7 SYSTEMPATH\CodeIgniter.php(354): CodeIgniter\CodeIgniter->handleRequest(null, Object(Config\Cache), false)
 8 SYSTEMPATH\Boot.php(334): CodeIgniter\CodeIgniter->run()
 9 SYSTEMPATH\Boot.php(67): CodeIgniter\Boot::runCodeIgniter(Object(CodeIgniter\CodeIgniter))
10 FCPATH\index.php(59): CodeIgniter\Boot::bootWeb(Object(Config\Paths))
11 SYSTEMPATH\rewrite.php(44): require_once('D:\\apps\\laragon\\www\\framework-4.6.1\\public\\index.php')
