DEBUG - 2025-05-23 01:31:50 --> Session: Class initialized using 'CodeIgniter\Session\Handlers\FileHandler' driver.
DEBUG - 2025-05-23 01:31:55 --> Session: Class initialized using 'CodeIgniter\Session\Handlers\FileHandler' driver.
ERROR - 2025-05-23 01:31:58 --> Error connecting to the database: mysqli_sql_exception: No connection could be made because the target machine actively refused it in D:\apps\laragon\www\simpeg\system\Database\MySQLi\Connection.php:201
Stack trace:
#0 D:\apps\laragon\www\simpeg\system\Database\MySQLi\Connection.php(201): mysqli->real_connect('127.0.0.1', 'root', Object(SensitiveParameterValue), 'simpeg', 3306, '', 0)
#1 D:\apps\laragon\www\simpeg\system\Database\BaseConnection.php(421): CodeIgniter\Database\MySQLi\Connection->connect(false)
#2 D:\apps\laragon\www\simpeg\system\Database\BaseConnection.php(620): CodeIgniter\Database\BaseConnection->initialize()
#3 D:\apps\laragon\www\simpeg\system\Database\BaseBuilder.php(1649): CodeIgniter\Database\BaseConnection->query('SELECT *\nFROM `...', Array, false)
#4 D:\apps\laragon\www\simpeg\system\Model.php(330): CodeIgniter\Database\BaseBuilder->get()
#5 D:\apps\laragon\www\simpeg\system\BaseModel.php(717): CodeIgniter\Model->doFirst()
#6 D:\apps\laragon\www\simpeg\app\Controllers\Auth.php(25): CodeIgniter\BaseModel->first()
#7 D:\apps\laragon\www\simpeg\system\CodeIgniter.php(933): App\Controllers\Auth->login()
#8 D:\apps\laragon\www\simpeg\system\CodeIgniter.php(507): CodeIgniter\CodeIgniter->runController(Object(App\Controllers\Auth))
#9 D:\apps\laragon\www\simpeg\system\CodeIgniter.php(354): CodeIgniter\CodeIgniter->handleRequest(NULL, Object(Config\Cache), false)
#10 D:\apps\laragon\www\simpeg\system\Boot.php(334): CodeIgniter\CodeIgniter->run()
#11 D:\apps\laragon\www\simpeg\system\Boot.php(67): CodeIgniter\Boot::runCodeIgniter(Object(CodeIgniter\CodeIgniter))
#12 D:\apps\laragon\www\simpeg\public\index.php(59): CodeIgniter\Boot::bootWeb(Object(Config\Paths))
#13 D:\apps\laragon\www\simpeg\system\rewrite.php(44): require_once('D:\\apps\\laragon...')
#14 {main}

Next CodeIgniter\Database\Exceptions\DatabaseException: No connection could be made because the target machine actively refused it in D:\apps\laragon\www\simpeg\system\Database\MySQLi\Connection.php:246
Stack trace:
#0 D:\apps\laragon\www\simpeg\system\Database\BaseConnection.php(421): CodeIgniter\Database\MySQLi\Connection->connect(false)
#1 D:\apps\laragon\www\simpeg\system\Database\BaseConnection.php(620): CodeIgniter\Database\BaseConnection->initialize()
#2 D:\apps\laragon\www\simpeg\system\Database\BaseBuilder.php(1649): CodeIgniter\Database\BaseConnection->query('SELECT *\nFROM `...', Array, false)
#3 D:\apps\laragon\www\simpeg\system\Model.php(330): CodeIgniter\Database\BaseBuilder->get()
#4 D:\apps\laragon\www\simpeg\system\BaseModel.php(717): CodeIgniter\Model->doFirst()
#5 D:\apps\laragon\www\simpeg\app\Controllers\Auth.php(25): CodeIgniter\BaseModel->first()
#6 D:\apps\laragon\www\simpeg\system\CodeIgniter.php(933): App\Controllers\Auth->login()
#7 D:\apps\laragon\www\simpeg\system\CodeIgniter.php(507): CodeIgniter\CodeIgniter->runController(Object(App\Controllers\Auth))
#8 D:\apps\laragon\www\simpeg\system\CodeIgniter.php(354): CodeIgniter\CodeIgniter->handleRequest(NULL, Object(Config\Cache), false)
#9 D:\apps\laragon\www\simpeg\system\Boot.php(334): CodeIgniter\CodeIgniter->run()
#10 D:\apps\laragon\www\simpeg\system\Boot.php(67): CodeIgniter\Boot::runCodeIgniter(Object(CodeIgniter\CodeIgniter))
#11 D:\apps\laragon\www\simpeg\public\index.php(59): CodeIgniter\Boot::bootWeb(Object(Config\Paths))
#12 D:\apps\laragon\www\simpeg\system\rewrite.php(44): require_once('D:\\apps\\laragon...')
#13 {main}
DEBUG - 2025-05-23 01:31:58 --> Session: Class initialized using 'CodeIgniter\Session\Handlers\FileHandler' driver.
DEBUG - 2025-05-23 01:32:02 --> Session: Class initialized using 'CodeIgniter\Session\Handlers\FileHandler' driver.
DEBUG - 2025-05-23 01:32:04 --> Session: Class initialized using 'CodeIgniter\Session\Handlers\FileHandler' driver.
DEBUG - 2025-05-23 01:33:12 --> Session: Class initialized using 'CodeIgniter\Session\Handlers\FileHandler' driver.
DEBUG - 2025-05-23 01:33:14 --> Session: Class initialized using 'CodeIgniter\Session\Handlers\FileHandler' driver.
DEBUG - 2025-05-23 01:33:16 --> Session: Class initialized using 'CodeIgniter\Session\Handlers\FileHandler' driver.
DEBUG - 2025-05-23 01:33:18 --> Session: Class initialized using 'CodeIgniter\Session\Handlers\FileHandler' driver.
DEBUG - 2025-05-23 01:35:05 --> Session: Class initialized using 'CodeIgniter\Session\Handlers\FileHandler' driver.
DEBUG - 2025-05-23 01:37:02 --> Session: Class initialized using 'CodeIgniter\Session\Handlers\FileHandler' driver.
DEBUG - 2025-05-23 01:37:19 --> Session: Class initialized using 'CodeIgniter\Session\Handlers\FileHandler' driver.
DEBUG - 2025-05-23 01:37:28 --> Session: Class initialized using 'CodeIgniter\Session\Handlers\FileHandler' driver.
DEBUG - 2025-05-23 01:37:35 --> Session: Class initialized using 'CodeIgniter\Session\Handlers\FileHandler' driver.
DEBUG - 2025-05-23 01:37:48 --> Session: Class initialized using 'CodeIgniter\Session\Handlers\FileHandler' driver.
DEBUG - 2025-05-23 01:37:50 --> Session: Class initialized using 'CodeIgniter\Session\Handlers\FileHandler' driver.
DEBUG - 2025-05-23 01:37:52 --> Session: Class initialized using 'CodeIgniter\Session\Handlers\FileHandler' driver.
DEBUG - 2025-05-23 02:00:02 --> Session: Class initialized using 'CodeIgniter\Session\Handlers\FileHandler' driver.
CRITICAL - 2025-05-23 02:00:02 --> ErrorException: Constant expression contains invalid operations
[Method: GET, Route: admin]
in APPPATH\Controllers\Admin.php on line 13.
 1 [internal function]: CodeIgniter\Debug\Exceptions->shutdownHandler()
DEBUG - 2025-05-23 02:00:52 --> Session: Class initialized using 'CodeIgniter\Session\Handlers\FileHandler' driver.
CRITICAL - 2025-05-23 02:00:52 --> ErrorException: Constant expression contains invalid operations
[Method: GET, Route: admin]
in APPPATH\Controllers\Admin.php on line 13.
 1 [internal function]: CodeIgniter\Debug\Exceptions->shutdownHandler()
DEBUG - 2025-05-23 02:00:54 --> Session: Class initialized using 'CodeIgniter\Session\Handlers\FileHandler' driver.
CRITICAL - 2025-05-23 02:00:54 --> ErrorException: Constant expression contains invalid operations
[Method: GET, Route: admin]
in APPPATH\Controllers\Admin.php on line 13.
 1 [internal function]: CodeIgniter\Debug\Exceptions->shutdownHandler()
DEBUG - 2025-05-23 02:01:42 --> Session: Class initialized using 'CodeIgniter\Session\Handlers\FileHandler' driver.
CRITICAL - 2025-05-23 02:01:42 --> ErrorException: Constant expression contains invalid operations
[Method: GET, Route: admin]
in APPPATH\Controllers\Admin.php on line 13.
 1 [internal function]: CodeIgniter\Debug\Exceptions->shutdownHandler()
DEBUG - 2025-05-23 02:01:43 --> Session: Class initialized using 'CodeIgniter\Session\Handlers\FileHandler' driver.
CRITICAL - 2025-05-23 02:01:43 --> ErrorException: Constant expression contains invalid operations
[Method: GET, Route: admin]
in APPPATH\Controllers\Admin.php on line 13.
 1 [internal function]: CodeIgniter\Debug\Exceptions->shutdownHandler()
DEBUG - 2025-05-23 02:04:05 --> Session: Class initialized using 'CodeIgniter\Session\Handlers\FileHandler' driver.
CRITICAL - 2025-05-23 02:04:05 --> ErrorException: Constant expression contains invalid operations
[Method: GET, Route: admin]
in APPPATH\Controllers\Admin.php on line 13.
 1 [internal function]: CodeIgniter\Debug\Exceptions->shutdownHandler()
DEBUG - 2025-05-23 02:04:55 --> Session: Class initialized using 'CodeIgniter\Session\Handlers\FileHandler' driver.
CRITICAL - 2025-05-23 02:04:55 --> ErrorException: Constant expression contains invalid operations
[Method: GET, Route: admin]
in APPPATH\Controllers\Admin.php on line 13.
 1 [internal function]: CodeIgniter\Debug\Exceptions->shutdownHandler()
DEBUG - 2025-05-23 02:04:59 --> Session: Class initialized using 'CodeIgniter\Session\Handlers\FileHandler' driver.
CRITICAL - 2025-05-23 02:04:59 --> ErrorException: Constant expression contains invalid operations
[Method: GET, Route: admin]
in APPPATH\Controllers\Admin.php on line 13.
 1 [internal function]: CodeIgniter\Debug\Exceptions->shutdownHandler()
DEBUG - 2025-05-23 02:05:47 --> Session: Class initialized using 'CodeIgniter\Session\Handlers\FileHandler' driver.
CRITICAL - 2025-05-23 02:05:48 --> ErrorException: Undefined variable $cutiLabels
[Method: GET, Route: admin]
in APPPATH\Views\admin\dashboard\dashboard.php on line 2.
 1 APPPATH\Views\admin\dashboard\dashboard.php(2): CodeIgniter\Debug\Exceptions->errorHandler(2, 'Undefined variable $cutiLabels', 'D:\\apps\\laragon\\www\\simpeg\\app\\Views\\admin\\dashboard\\dashboard.php', 2)
 2 SYSTEMPATH\View\View.php(224): include('D:\\apps\\laragon\\www\\simpeg\\app\\Views\\admin\\dashboard\\dashboard.php')
 3 SYSTEMPATH\View\View.php(227): CodeIgniter\View\View->{closure:CodeIgniter\View\View::render():221}()
 4 SYSTEMPATH\Common.php(1173): CodeIgniter\View\View->render('admin/dashboard/dashboard', [], true)
 5 APPPATH\Controllers\Admin.php(43): view('admin/dashboard/dashboard', [...])
 6 SYSTEMPATH\CodeIgniter.php(933): App\Controllers\Admin->index()
 7 SYSTEMPATH\CodeIgniter.php(507): CodeIgniter\CodeIgniter->runController(Object(App\Controllers\Admin))
 8 SYSTEMPATH\CodeIgniter.php(354): CodeIgniter\CodeIgniter->handleRequest(null, Object(Config\Cache), false)
 9 SYSTEMPATH\Boot.php(334): CodeIgniter\CodeIgniter->run()
10 SYSTEMPATH\Boot.php(67): CodeIgniter\Boot::runCodeIgniter(Object(CodeIgniter\CodeIgniter))
11 FCPATH\index.php(59): CodeIgniter\Boot::bootWeb(Object(Config\Paths))
12 SYSTEMPATH\rewrite.php(44): require_once('D:\\apps\\laragon\\www\\simpeg\\public\\index.php')
DEBUG - 2025-05-23 02:06:22 --> Session: Class initialized using 'CodeIgniter\Session\Handlers\FileHandler' driver.
DEBUG - 2025-05-23 02:06:36 --> Session: Class initialized using 'CodeIgniter\Session\Handlers\FileHandler' driver.
DEBUG - 2025-05-23 02:07:47 --> Session: Class initialized using 'CodeIgniter\Session\Handlers\FileHandler' driver.
DEBUG - 2025-05-23 02:07:59 --> Session: Class initialized using 'CodeIgniter\Session\Handlers\FileHandler' driver.
DEBUG - 2025-05-23 02:08:08 --> Session: Class initialized using 'CodeIgniter\Session\Handlers\FileHandler' driver.
DEBUG - 2025-05-23 02:08:13 --> Session: Class initialized using 'CodeIgniter\Session\Handlers\FileHandler' driver.
DEBUG - 2025-05-23 02:08:24 --> Session: Class initialized using 'CodeIgniter\Session\Handlers\FileHandler' driver.
DEBUG - 2025-05-23 02:09:59 --> Session: Class initialized using 'CodeIgniter\Session\Handlers\FileHandler' driver.
DEBUG - 2025-05-23 02:10:07 --> Session: Class initialized using 'CodeIgniter\Session\Handlers\FileHandler' driver.
DEBUG - 2025-05-23 02:10:15 --> Session: Class initialized using 'CodeIgniter\Session\Handlers\FileHandler' driver.
DEBUG - 2025-05-23 02:10:29 --> Session: Class initialized using 'CodeIgniter\Session\Handlers\FileHandler' driver.
DEBUG - 2025-05-23 02:10:34 --> Session: Class initialized using 'CodeIgniter\Session\Handlers\FileHandler' driver.
DEBUG - 2025-05-23 02:10:44 --> Session: Class initialized using 'CodeIgniter\Session\Handlers\FileHandler' driver.
DEBUG - 2025-05-23 02:11:17 --> Session: Class initialized using 'CodeIgniter\Session\Handlers\FileHandler' driver.
DEBUG - 2025-05-23 02:11:43 --> Session: Class initialized using 'CodeIgniter\Session\Handlers\FileHandler' driver.
DEBUG - 2025-05-23 02:12:02 --> Session: Class initialized using 'CodeIgniter\Session\Handlers\FileHandler' driver.
DEBUG - 2025-05-23 02:12:19 --> Session: Class initialized using 'CodeIgniter\Session\Handlers\FileHandler' driver.
DEBUG - 2025-05-23 02:12:26 --> Session: Class initialized using 'CodeIgniter\Session\Handlers\FileHandler' driver.
